╭──────┬──────┬──────┬───────────┬────────┬────────┬──────────────┬──────────────────┬──────────────────┬────────────────────────╮
│  a   │l_cnt │r_cnt │cnt_eq_flag│l_b_mean│r_b_mean│b_mean_eq_flag│l_c_count_distinct│r_c_count_distinct│c_count_distinct_eq_flag│
│BIGINT│BIGINT│BIGINT│  BOOLEAN  │ DOUBLE │ DOUBLE │   BOOLEAN    │      BIGINT      │      BIGINT      │        BOOLEAN         │
│──────│──────│──────│───────────│────────│────────│──────────────│──────────────────│──────────────────│────────────────────────│
│  1   │  6   │  7   │   false   │1.833333│2.000000│    false     │        2         │        1         │         false          │
╰──────┴──────┴──────┴───────────┴────────┴────────┴──────────────┴──────────────────┴──────────────────┴────────────────────────╯
