create table test (
    id varchar primary key,
    tags varchar
);
