╭──────┬──────┬───────╮
│  a   │  b   │   c   │
│BIGINT│BIGINT│VARCHAR│
│──────│──────│───────│
│  1   │  1   │  b%$  │
│  1   │  2   │  2%$  │
│  1   │  2   │  b%$  │
│  1   │  2   │  b%$  │
│  1   │  2   │  b%$  │
╰──────┴──────┴───────╯
