╭──────┬──────┬──────┬──────┬───────╮
│  a   │  b   │l_cnt │r_cnt │cnt_eq │
│BIGINT│BIGINT│BIGINT│BIGINT│BOOLEAN│
│──────│──────│──────│──────│───────│
│  1   │  2   │  5   │  7   │ false │
╰──────┴──────┴──────┴──────┴───────╯
