uuid,nonce,age,height,weight,siblings,first_name,last_name,full_name,bmi,rainbow,last_notification_at,date_of_birth,wake_up