create table test (
    id varchar primary key,
    scores array(double),
    tags array(varchar)
);
