event_id,timestamp,event_type,user_id,device_type,platform,session_id,info
