a,l_cnt,r_cnt,cnt_eq_flag,l_b_mean,r_b_mean,b_mean_eq_flag,l_b_median,r_b_median,b_median_eq_flag,l_b_min,r_b_min,b_min_eq_flag,l_b_max,r_b_max,b_max_eq_flag,l_c_count_distinct,r_c_count_distinct,c_count_distinct_eq_flag
1,6,7,false,1.833333,2.000000,false,2.000000,2.000000,true,1,2,false,2,2,true,2,1,false
