╭──────┬──────┬──────┬───────┬──────────────────┬──────────────────┬─────────┬──────────┬──────────┬───────────┬───────┬───────┬────────┬───────┬───────┬────────┬──────────────────┬──────────────────┬───────────────────╮
│  a   │l_cnt │r_cnt │cnt_eq │     l_b_mean     │     r_b_mean     │b_mean_eq│l_b_median│r_b_median│b_median_eq│l_b_min│r_b_min│b_min_eq│l_b_max│r_b_max│b_max_eq│l_c_count_distinct│r_c_count_distinct│c_count_distinct_eq│
│BIGINT│BIGINT│BIGINT│BOOLEAN│      DOUBLE      │      DOUBLE      │ BOOLEAN │  DOUBLE  │  DOUBLE  │  BOOLEAN  │BIGINT │BIGINT │BOOLEAN │BIGINT │BIGINT │BOOLEAN │      BIGINT      │      BIGINT      │      BOOLEAN      │
│──────│──────│──────│───────│──────────────────│──────────────────│─────────│──────────│──────────│───────────│───────│───────│────────│───────│───────│────────│──────────────────│──────────────────│───────────────────│
│  2   │  5   │  5   │ true  │        2         │        2         │  true   │    2     │    2     │   true    │   2   │   2   │  true  │   2   │   2   │  true  │        1         │        1         │       true        │
│  1   │  6   │  6   │ true  │1.8333333333333333│1.8333333333333333│  true   │    2     │    2     │   true    │   1   │   1   │  true  │   2   │   2   │  true  │        2         │        2         │       true        │
╰──────┴──────┴──────┴───────┴──────────────────┴──────────────────┴─────────┴──────────┴──────────┴───────────┴───────┴───────┴────────┴───────┴───────┴────────┴──────────────────┴──────────────────┴───────────────────╯
