╭──────┬──────┬──────┬───────────╮
│  a   │l_cnt │r_cnt │cnt_eq_flag│
│BIGINT│BIGINT│BIGINT│  BOOLEAN  │
│──────│──────│──────│───────────│
│  1   │  6   │  7   │   false   │
╰──────┴──────┴──────┴───────────╯
