{"values.1.a":1,"values.1.b.a":1,"values.2.a":1,"values.2.b.1.values.1":1,"values.2.b.1.values.2":2,"values.2.b.1.values.3":3,"values.2.b.2.values.1":1,"values.2.b.2.values.2":2,"values.2.b.2.values.3":3,"values.3.a":1,"values.3.b":2,"values.4.b":2,"values.4.a":1,"values.5.a":1,"values.5.b":2}
{"values.1.a":1,"values.2.a":1,"values.2.b.1.values.1":1,"values.2.b.1.values.2":2,"values.2.b.1.values.3":3,"values.2.b.2.values.1":1,"values.2.b.2.values.2":2,"values.2.b.2.values.3":3,"values.3.a":1,"values.3.b":2,"values.4.a":1,"values.4.b":2,"values.5.b":2,"values.5.a":1}
