╭──────┬──────┬──────┬───────────╮
│  a   │l_cnt │r_cnt │cnt_eq_flag│
│BIGINT│BIGINT│BIGINT│  BOOLEAN  │
╰──────┴──────┴──────┴───────────╯
